================================================================================
WANNIER90 WITH DISENTANGLEMENT
================================================================================

Configuration:
  num_wann = 12 (Wannier projections)
  num_bands = 18 (DFT bands - 150% of num_wann)
  Outer window: [-15.0, 10.0] eV (WIDE to contain 18+ bands)
  Frozen window: [-6.0, 4.0] eV

This allows Wannier90 to DISENTANGLE the 12 Bi p-orbitals from 18 bands
================================================================================

Step 1: Running Wannier90 preprocessing...
✓ Generated bismuth.nnkp

Step 2: Running Stage 2 with WIDE energy window...
Command: python3 lcao_to_wannier90.py --stage 2 --input tests/Bismuth_basis_40.out --seedname bismuth --window -15.0 10.0

================================================================================
STAGE 2: Creating Wannier90 Data Files (.eig, .amn, .mmn)
================================================================================
Input file: tests/Bismuth_basis_40.out
Seedname: bismuth

✓ Found bismuth.nnkp
✓ Found bismuth.win

Step 1: Parsing CRYSTAL/LCAO output file...
--------------------------------------------------------------------------------
✓ Parsed calculation parameters:
  Fermi energy: -3.727962 eV
  K-grid: (15, 15, 1)
  Number of AOs: 56
  Spin-orbit coupling: Yes
  → Doubling orbitals for spinors: 56 → 112

Step 2: Organizing matrices...
--------------------------------------------------------------------------------
✓ Organized matrices
  Basis size: 56
  Unique R-vectors for H: 40
  Unique R-vectors for S: 40

Step 3: Creating matrices...
--------------------------------------------------------------------------------
✓ Created 112×112 SOC matrices

Step 4: Preparing real-space matrices...
--------------------------------------------------------------------------------
✓ Prepared 39 R-vectors

Step 5: Reading parameters from .win file...
--------------------------------------------------------------------------------
  Found num_wann = 12
  Found num_bands = 18
✓ Read parameters from bismuth.win

Step 6: Determining energy window...
--------------------------------------------------------------------------------
Using user-specified window: [-15.00, 10.00] eV

Step 7: Initializing Wannier90 engine...
--------------------------------------------------------------------------------

======================================================================
LCAO-to-Wannier90 Engine Initialized
======================================================================
Seedname: bismuth
K-grid: (15, 15, 1)
Number of k-points: 225
Number of orbitals: 112
Number of Wannier functions: 12 (user-specified)
Number of R-vectors: 39
Energy window: [-15.00, 10.00] eV (relative to E_F)
Fermi energy: -3.7280 eV (user-specified)
======================================================================
✓ Engine initialized

Parsing atomic basis information...
✓ Parsed 2 atoms, 56 basis functions (SOC: doubled basis map)

Step 7: Solving eigenvalue problems...
--------------------------------------------------------------------------------

======================================================================
Solving Eigenvalue Problems at 225 K-Points
======================================================================
Mode: Parallel
✓ Eigenvalues converted from Hartree to eV
✓ Eigenvalue problems solved successfully
======================================================================
✓ Eigenvalue problems solved

Step 8: Analyzing band structure and selecting bands...
--------------------------------------------------------------------------------
Using num_wann = 12 and num_bands = 18 from .win file
Selecting 18 bands from 22 available in window
  Strategy: Closest to Fermi level (E_F = -3.7280 eV)
  Selected band indices: 40-57 (1-based: 41-58)
  Selected energy range: [-6.93, 6.88] eV
  Distance from E_F: 0.79 to 10.61 eV
✓ Selected 18 bands

Validating band selection...
--------------------------------------------------------------------------------
✓ Selected bands are contiguous
✓ Selected bands span Fermi level:
  Bands below E_F: 4
  Bands crossing E_F: 2
  Bands above E_F: 12
✓ Average distance from E_F: 4.62 eV (good)

Step 9: Selecting projection orbitals...
--------------------------------------------------------------------------------

======================================================================
Automatic Projection Orbital Selection
======================================================================
Selected 12 projection orbitals
Orbital indices: [10 11 12 38 39 40 66 67 68 94 95 96]

Top 5 contributing orbitals:
  Orbital 10: weight = 0.0471
  Orbital 94: weight = 0.0471
  Orbital 66: weight = 0.0469
  Orbital 38: weight = 0.0469
  Orbital 12: weight = 0.0409
======================================================================

Step 10: Writing data files using bismuth.nnkp neighbors...
--------------------------------------------------------------------------------

======================================================================
Writing Wannier90 Files
======================================================================
Using 18 selected bands: 40-57

✓ Using 12 selected projection orbitals

✓ Reading neighbor list from bismuth.nnkp
  Using 8 neighbors per k-point from Wannier90
  ✓ bismuth.eig: 4050 eigenvalues (relative to E_F = -3.727962 eV)
  ✓ bismuth.amn: 72900 matrix elements
  ✓ bismuth.mmn: 583200 matrix elements
======================================================================

================================================================================
STAGE 2 COMPLETE!
================================================================================
✓ Created: bismuth.eig
✓ Created: bismuth.amn
✓ Created: bismuth.mmn

All files generated with correct neighbor structure from .nnkp!

NEXT STEP:
  Run Wannier90 to generate maximally localized Wannier functions:
  → wannier90.x bismuth

================================================================================

================================================================================
FILES READY FOR WANNIER90
================================================================================

-rw-r--r--@ 1 williamcomaskey  staff   2.6M Jan 10 03:28 bismuth.amn
-rw-r--r--@ 1 williamcomaskey  staff   123K Jan 10 03:28 bismuth.eig
-rw-r--r--@ 1 williamcomaskey  staff    21M Jan 10 03:28 bismuth.mmn
-rw-r--r--@ 1 williamcomaskey  staff    61K Jan 10 03:23 bismuth.nnkp
-rw-r--r--@ 1 williamcomaskey  staff    16K Jan 10 03:22 bismuth.win

Verifying .eig file has 18 bands:
  Total lines should be: 18 bands × 225 k-points = 4050
    4050 bismuth.eig

Next step: Run Wannier90.x on cluster
  Expected: Positive Omega_I, Omega_OD < 100 Ang²
================================================================================
