================================================================================
WANNIER MATRIX DIAGNOSTICS FOR: bismuth_fixed
================================================================================
AMN dimensions: 16 bands, 225 k-points, 12 projections

================================================================================
AMN MATRIX DIAGNOSTICS
================================================================================

Projection magnitude statistics:
  Min: 4.128694e-07
  Max: 8.426489e-01
  Mean: 1.611024e-01
  Std: 1.479718e-01

K-point 0: Projection norms per band
  Min: 0.004205
  Max: 0.725480
  Mean: 0.319871
  ⚠ WARNING: Unusual normalization!

K-point 112: Projection norms per band
  Min: 0.057854
  Max: 1.503325
  Mean: 0.615378

K-point 224: Projection norms per band
  Min: 0.013281
  Max: 2.053386
  Mean: 0.623929
  ⚠ WARNING: Unusual normalization!

K-point 0: A†A matrix
  Diagonal range: [0.0042, 0.7255]
  Off-diagonal max: 0.244266

K-point 112: A†A matrix
  Diagonal range: [0.0579, 1.5033]
  Off-diagonal max: 0.219435
MMN dimensions: 16 bands, 225 k-points, 8 neighbors

================================================================================
MMN MATRIX DIAGNOSTICS
================================================================================

Unitarity check (M†M should ≈ I):
  K-point 0, neighbor 0:
    Diagonal range: [1.000000, 1.000000]
    Off-diagonal max: 0.000000e+00
  K-point 0, neighbor 1:
    Diagonal range: [1.000000, 1.000000]
    Off-diagonal max: 0.000000e+00
  K-point 1, neighbor 0:
    Diagonal range: [0.907868, 1.187863]
    Off-diagonal max: 1.878631e-01
  K-point 1, neighbor 1:
    Diagonal range: [0.907868, 1.187863]
    Off-diagonal max: 1.878631e-01

  Maximum deviation from unitarity: 4.408357e+00
  ⚠ WARNING: MMN matrices are not unitary!

Determinant check (should be ≈ 1 with |det|=1):
  |det(M)| statistics:
    Min: 0.000360
    Max: 1.044644
    Mean: 0.404984
  ⚠ WARNING: Determinants deviate significantly from 1!

================================================================================
CHECKING FOR IDENTITY MATRICES
================================================================================
  K-point 0, neighbor 0: Nearly identity (dev=0.00e+00)
  K-point 0, neighbor 1: Nearly identity (dev=0.00e+00)

Found 2/1800 identity matrices (0.1%)

================================================================================
DIAGNOSTICS COMPLETE
================================================================================
