================================================================================
STAGE 2: Creating Wannier90 Data Files (.eig, .amn, .mmn)
================================================================================
Input file: tests/Bismuth_basis_40.out
Seedname: bismuth_improved

✓ Found bismuth_improved.nnkp
✓ Found bismuth_improved.win

Step 1: Parsing CRYSTAL/LCAO output file...
--------------------------------------------------------------------------------
✓ Parsed calculation parameters:
  Fermi energy: -3.727962 eV
  K-grid: (15, 15, 1)
  Number of AOs: 56
  Spin-orbit coupling: No

Step 2: Organizing matrices...
--------------------------------------------------------------------------------
✓ Organized matrices
  Basis size: 56
  Unique R-vectors for H: 40
  Unique R-vectors for S: 40

Step 3: Creating matrices...
--------------------------------------------------------------------------------
✓ Created 56×56 matrices (no SOC)

Step 4: Preparing real-space matrices...
--------------------------------------------------------------------------------
✓ Prepared 40 R-vectors

Step 5: Reading parameters from .win file...
--------------------------------------------------------------------------------
  Found num_wann = 12
  Found num_bands = 16
✓ Read parameters from bismuth_improved.win

Step 6: Determining energy window...
--------------------------------------------------------------------------------
Using user-specified window: [-8.50, 0.50] eV

Step 7: Initializing Wannier90 engine...
--------------------------------------------------------------------------------

======================================================================
LCAO-to-Wannier90 Engine Initialized
======================================================================
Seedname: bismuth_improved
K-grid: (15, 15, 1)
Number of k-points: 225
Number of orbitals: 56
Number of Wannier functions: 12 (user-specified)
Number of R-vectors: 40
Energy window: [-8.50, 0.50] eV (relative to E_F)
Fermi energy: -3.7280 eV (user-specified)
======================================================================
✓ Engine initialized

Parsing atomic basis information...
✓ Parsed 2 atoms, 56 basis functions

Step 7: Solving eigenvalue problems...
--------------------------------------------------------------------------------

======================================================================
Solving Eigenvalue Problems at 225 K-Points
======================================================================
Mode: Parallel
✓ Eigenvalues converted from Hartree to eV
✓ Eigenvalue problems solved successfully
======================================================================
✓ Eigenvalue problems solved

Step 8: Analyzing band structure and selecting bands...
--------------------------------------------------------------------------------
Using num_wann = 12 and num_bands = 16 from .win file
✓ Will use bands 1-16 (indices 0-15)

Step 9: Selecting projection orbitals...
--------------------------------------------------------------------------------

======================================================================
Automatic Projection Orbital Selection
======================================================================
Selected 12 projection orbitals
Orbital indices: [ 1  4  5  6 13 14 15 29 32 33 34 41]

Top 5 contributing orbitals:
  Orbital 1: weight = 0.1003
  Orbital 29: weight = 0.1003
  Orbital 6: weight = 0.0624
  Orbital 34: weight = 0.0624
  Orbital 32: weight = 0.0624
======================================================================

Step 10: Writing data files using bismuth_improved.nnkp neighbors...
--------------------------------------------------------------------------------

======================================================================
Writing Wannier90 Files
======================================================================
Using 16 selected bands: 0-15

✓ Using 12 selected projection orbitals

✓ Reading neighbor list from bismuth_improved.nnkp
  Using 8 neighbors per k-point from Wannier90
  ✓ bismuth_improved.eig: 3600 eigenvalues
Traceback (most recent call last):
  File "/Users/williamcomaskey/Documents/GitHub/LCAO-to-Wannier/lcao_to_wannier90.py", line 677, in <module>
    main()
  File "/Users/williamcomaskey/Documents/GitHub/LCAO-to-Wannier/lcao_to_wannier90.py", line 673, in main
    stage2_create_data_files(args)
  File "/Users/williamcomaskey/Documents/GitHub/LCAO-to-Wannier/lcao_to_wannier90.py", line 593, in stage2_create_data_files
    engine.write_files(
  File "/Users/williamcomaskey/Documents/GitHub/LCAO-to-Wannier/lcao_wannier/engine.py", line 678, in write_files
    write_amn_file_lcao(
  File "/Users/williamcomaskey/Documents/GitHub/LCAO-to-Wannier/lcao_wannier/wannier90.py", line 114, in write_amn_file_lcao
    f"{A_k[n, m].real:18.12f} {A_k[n, m].imag:18.12f}\n"
       ~~~^^^^^^
IndexError: index 12 is out of bounds for axis 0 with size 12
